10:49:02 **** Incremental Build of configuration Debug for project Ex4 ****
make -j8 all 
arm-none-eabi-gcc "../Core/Src/main.c" -mcpu=cortex-m3 -std=gnu11 -g3 -DDEBUG -DUSE_HAL_DRIVER -DSTM32F103x6 -c -I../Core/Inc -I../Drivers/STM32F1xx_HAL_Driver/Inc/Legacy -I../Drivers/STM32F1xx_HAL_Driver/Inc -I../Drivers/CMSIS/Device/ST/STM32F1xx/Include -I../Drivers/CMSIS/Include -O0 -ffunction-sections -fdata-sections -Wall -fstack-usage -fcyclomatic-complexity -MMD -MP -MF"Core/Src/main.d" -MT"Core/Src/main.o" --specs=nano.specs -mfloat-abi=soft -mthumb -o "Core/Src/main.o"
arm-none-eabi-gcc -o "Ex4.elf" @"objects.list"   -mcpu=cortex-m3 -T"C:\Users\truon\PROJECTS\STM32\LAB1\Ex4\Ex4\STM32F103C6TX_FLASH.ld" --specs=nosys.specs -Wl,-Map="Ex4.map" -Wl,--gc-sections -static --specs=nano.specs -mfloat-abi=soft -mthumb -Wl,--start-group -lc -lm -Wl,--end-group
Finished building target: Ex4.elf
 
arm-none-eabi-size   Ex4.elf 
arm-none-eabi-objdump -h -S  Ex4.elf  > "Ex4.list"
arm-none-eabi-objcopy  -O ihex  Ex4.elf  "Ex4.hex"
arm-none-eabi-objcopy  -O binary  Ex4.elf  "Ex4.bin"
   text	   data	    bss	    dec	    hex	filename
   4796	     20	   1572	   6388	   18f4	Ex4.elf
Finished building: default.size.stdout
 
Finished building: Ex4.hex
Finished building: Ex4.bin
Finished building: Ex4.list
 
 
 

10:49:03 Build Finished. 0 errors, 0 warnings. (took 826ms)

